1024 0.183504
2048 0.365238
4096 0.419487
8192 0.447997
16384 0.495603
32768 0.560657
65536 0.690401
131072 0.937454
262144 0.925095
