1024 0.078191
2048 0.227958
4096 0.261871
8192 0.285455
16384 0.327030
32768 0.399066
65536 0.526767
131072 0.777214
262144 0.788055
