1024 0.173804
2048 0.450895
4096 0.541138
8192 0.565408
16384 0.601464
32768 0.666357
65536 0.708016
131072 0.757603
262144 0.754499
