1024 0.077819
2048 0.268486
4096 0.318852
8192 0.325357
16384 0.374147
32768 0.408222
65536 0.470140
131072 0.517440
262144 0.515411
